|| ===================================================
|| ===================================================
|| Welcome to your Address Book!
|| AddressBook Level 2 - Version 1.0
|| Launch command format: java seedu.addressbook.Main [STORAGE_FILE_PATH]
|| Using storage file : addressbook.txt
|| ===================================================
|| Enter command: || [Command entered:clear]
clear
|| Address book has been cleared!
|| ===================================================
|| Enter command: || [Command entered:add Adam Brown p/111111 e/adam@gmail.com a/111, alpha street]
add Adam Brown p/111111 e/adam@gmail.com a/111, alpha street
|| New person added: Adam Brown Phone: 111111 Email: adam@gmail.com Address: 111, alpha street Tags: 
|| ===================================================
|| Enter command: || [Command entered:view 1]
view 1
|| The person index provided is invalid
|| ===================================================
|| Enter command: || [Command entered:clear]
clear
|| Address book has been cleared!
|| ===================================================
|| Enter command: || [Command entered:add Adam Brown p/111111 e/adam@gmail.com a/111, alpha street]
add Adam Brown p/111111 e/adam@gmail.com a/111, alpha street
|| New person added: Adam Brown Phone: 111111 Email: adam@gmail.com Address: 111, alpha street Tags: 
|| ===================================================
|| Enter command: || [Command entered:add Betsy Choo pp/222222 pe/benchoo@nus.edu.sg pa/222, beta street t/secretive]
add Betsy Choo pp/222222 pe/benchoo@nus.edu.sg pa/222, beta street t/secretive
|| New person added: Betsy Choo Phone: (private) 222222 Email: (private) benchoo@nus.edu.sg Address: (private) 222, beta street Tags: [secretive]
|| ===================================================
|| Enter command: || [Command entered:add Charlie Dickson pp/333333 e/charlie.d@nus.edu.sg a/333, gamma street t/friends t/school]
add Charlie Dickson pp/333333 e/charlie.d@nus.edu.sg a/333, gamma street t/friends t/school
|| New person added: Charlie Dickson Phone: (private) 333333 Email: charlie.d@nus.edu.sg Address: 333, gamma street Tags: [school][friends]
|| ===================================================
|| Enter command: || [Command entered:add Dickson Ee p/444444 pe/dickson@nus.edu.sg a/444, delta street t/friends]
add Dickson Ee p/444444 pe/dickson@nus.edu.sg a/444, delta street t/friends
|| New person added: Dickson Ee Phone: 444444 Email: (private) dickson@nus.edu.sg Address: 444, delta street Tags: [friends]
|| ===================================================
|| Enter command: || [Command entered:view 2]
view 2
|| The person index provided is invalid
|| ===================================================
|| Enter command: || [Command entered:clear]
clear
|| Address book has been cleared!
|| ===================================================
|| Enter command: || [Command entered:add Adam Brown p/111111 e/adam@gmail.com a/111, alpha street]
add Adam Brown p/111111 e/adam@gmail.com a/111, alpha street
|| New person added: Adam Brown Phone: 111111 Email: adam@gmail.com Address: 111, alpha street Tags: 
|| ===================================================
|| Enter command: || [Command entered:add Betsy Choo pp/222222 pe/benchoo@nus.edu.sg pa/222, beta street t/secretive]
add Betsy Choo pp/222222 pe/benchoo@nus.edu.sg pa/222, beta street t/secretive
|| New person added: Betsy Choo Phone: (private) 222222 Email: (private) benchoo@nus.edu.sg Address: (private) 222, beta street Tags: [secretive]
|| ===================================================
|| Enter command: || [Command entered:add Charlie Dickson pp/333333 e/charlie.d@nus.edu.sg a/333, gamma street t/friends t/school]
add Charlie Dickson pp/333333 e/charlie.d@nus.edu.sg a/333, gamma street t/friends t/school
|| New person added: Charlie Dickson Phone: (private) 333333 Email: charlie.d@nus.edu.sg Address: 333, gamma street Tags: [school][friends]
|| ===================================================
|| Enter command: || [Command entered:view 3]
view 3
|| The person index provided is invalid
|| ===================================================
|| Enter command: || [Command entered:clear]
clear
|| Address book has been cleared!
|| ===================================================
|| Enter command: || [Command entered:add Adam Brown p/111111 e/adam@gmail.com a/111, alpha street]
add Adam Brown p/111111 e/adam@gmail.com a/111, alpha street
|| New person added: Adam Brown Phone: 111111 Email: adam@gmail.com Address: 111, alpha street Tags: 
|| ===================================================
|| Enter command: || [Command entered:add Betsy Choo pp/222222 pe/benchoo@nus.edu.sg pa/222, beta street t/secretive]
add Betsy Choo pp/222222 pe/benchoo@nus.edu.sg pa/222, beta street t/secretive
|| New person added: Betsy Choo Phone: (private) 222222 Email: (private) benchoo@nus.edu.sg Address: (private) 222, beta street Tags: [secretive]
|| ===================================================
|| Enter command: || [Command entered:add Charlie Dickson pp/333333 e/charlie.d@nus.edu.sg a/333, gamma street t/friends t/school]
add Charlie Dickson pp/333333 e/charlie.d@nus.edu.sg a/333, gamma street t/friends t/school
|| New person added: Charlie Dickson Phone: (private) 333333 Email: charlie.d@nus.edu.sg Address: 333, gamma street Tags: [school][friends]
|| ===================================================
|| Enter command: || [Command entered:add Dickson Ee p/444444 pe/dickson@nus.edu.sg a/444, delta street t/friends]
add Dickson Ee p/444444 pe/dickson@nus.edu.sg a/444, delta street t/friends
|| New person added: Dickson Ee Phone: 444444 Email: (private) dickson@nus.edu.sg Address: 444, delta street Tags: [friends]
|| ===================================================
|| Enter command: || [Command entered:view 4]
view 4
|| The person index provided is invalid
|| ===================================================
|| Enter command: || [Command entered:clear]
clear
|| Address book has been cleared!
|| ===================================================
|| Enter command: || [Command entered:add Adam Brown p/111111 e/adam@gmail.com a/111, alpha street]
add Adam Brown p/111111 e/adam@gmail.com a/111, alpha street
|| New person added: Adam Brown Phone: 111111 Email: adam@gmail.com Address: 111, alpha street Tags: 
|| ===================================================
|| Enter command: || [Command entered:add Betsy Choo pp/222222 pe/benchoo@nus.edu.sg pa/222, beta street t/secretive]
add Betsy Choo pp/222222 pe/benchoo@nus.edu.sg pa/222, beta street t/secretive
|| New person added: Betsy Choo Phone: (private) 222222 Email: (private) benchoo@nus.edu.sg Address: (private) 222, beta street Tags: [secretive]
|| ===================================================
|| Enter command: || [Command entered:add Charlie Dickson pp/333333 e/charlie.d@nus.edu.sg a/333, gamma street t/friends t/school]
add Charlie Dickson pp/333333 e/charlie.d@nus.edu.sg a/333, gamma street t/friends t/school
|| New person added: Charlie Dickson Phone: (private) 333333 Email: charlie.d@nus.edu.sg Address: 333, gamma street Tags: [school][friends]
|| ===================================================
|| Enter command: || [Command entered:add Dickson Ee p/444444 pe/dickson@nus.edu.sg a/444, delta street t/friends]
add Dickson Ee p/444444 pe/dickson@nus.edu.sg a/444, delta street t/friends
|| New person added: Dickson Ee Phone: 444444 Email: (private) dickson@nus.edu.sg Address: 444, delta street Tags: [friends]
|| ===================================================
|| Enter command: || [Command entered:view -4]
view -4
|| The person index provided is invalid
|| ===================================================
|| Enter command: || [Command entered:clear]
clear
|| Address book has been cleared!
|| ===================================================
|| Enter command: || [Command entered:add Adam Brown p/111111 e/adam@gmail.com a/111, alpha street]
add Adam Brown p/111111 e/adam@gmail.com a/111, alpha street
|| New person added: Adam Brown Phone: 111111 Email: adam@gmail.com Address: 111, alpha street Tags: 
|| ===================================================
|| Enter command: || [Command entered:add Betsy Choo pp/222222 pe/benchoo@nus.edu.sg pa/222, beta street t/secretive]
add Betsy Choo pp/222222 pe/benchoo@nus.edu.sg pa/222, beta street t/secretive
|| New person added: Betsy Choo Phone: (private) 222222 Email: (private) benchoo@nus.edu.sg Address: (private) 222, beta street Tags: [secretive]
|| ===================================================
|| Enter command: || [Command entered:add Charlie Dickson pp/333333 e/charlie.d@nus.edu.sg a/333, gamma street t/friends t/school]
add Charlie Dickson pp/333333 e/charlie.d@nus.edu.sg a/333, gamma street t/friends t/school
|| New person added: Charlie Dickson Phone: (private) 333333 Email: charlie.d@nus.edu.sg Address: 333, gamma street Tags: [school][friends]
|| ===================================================
|| Enter command: || [Command entered:add Dickson Ee p/444444 pe/dickson@nus.edu.sg a/444, delta street t/friends]
add Dickson Ee p/444444 pe/dickson@nus.edu.sg a/444, delta street t/friends
|| New person added: Dickson Ee Phone: 444444 Email: (private) dickson@nus.edu.sg Address: 444, delta street Tags: [friends]
|| ===================================================
|| Enter command: || [Command entered:view -1]
view -1
|| The person index provided is invalid
|| ===================================================
|| Enter command: || [Command entered:clear]
clear
|| Address book has been cleared!
|| ===================================================
|| Enter command: || [Command entered:add Adam Brown p/111111 e/adam@gmail.com a/111, alpha street]
add Adam Brown p/111111 e/adam@gmail.com a/111, alpha street
|| New person added: Adam Brown Phone: 111111 Email: adam@gmail.com Address: 111, alpha street Tags: 
|| ===================================================
|| Enter command: || [Command entered:add Betsy Choo pp/222222 pe/benchoo@nus.edu.sg pa/222, beta street t/secretive]
add Betsy Choo pp/222222 pe/benchoo@nus.edu.sg pa/222, beta street t/secretive
|| New person added: Betsy Choo Phone: (private) 222222 Email: (private) benchoo@nus.edu.sg Address: (private) 222, beta street Tags: [secretive]
|| ===================================================
|| Enter command: || [Command entered:add Charlie Dickson pp/333333 e/charlie.d@nus.edu.sg a/333, gamma street t/friends t/school]
add Charlie Dickson pp/333333 e/charlie.d@nus.edu.sg a/333, gamma street t/friends t/school
|| New person added: Charlie Dickson Phone: (private) 333333 Email: charlie.d@nus.edu.sg Address: 333, gamma street Tags: [school][friends]
|| ===================================================
|| Enter command: || [Command entered:add Dickson Ee p/444444 pe/dickson@nus.edu.sg a/444, delta street t/friends]
add Dickson Ee p/444444 pe/dickson@nus.edu.sg a/444, delta street t/friends
|| New person added: Dickson Ee Phone: 444444 Email: (private) dickson@nus.edu.sg Address: 444, delta street Tags: [friends]
|| ===================================================
|| Enter command: || [Command entered:view 0]
view 0
|| The person index provided is invalid
|| ===================================================
|| Enter command: || [Command entered:clear]
clear
|| Address book has been cleared!
|| ===================================================
|| Enter command: || [Command entered:add Adam Brown p/111111 e/adam@gmail.com a/111, alpha street]
add Adam Brown p/111111 e/adam@gmail.com a/111, alpha street
|| New person added: Adam Brown Phone: 111111 Email: adam@gmail.com Address: 111, alpha street Tags: 
|| ===================================================
|| Enter command: || [Command entered:add Betsy Choo pp/222222 pe/benchoo@nus.edu.sg pa/222, beta street t/secretive]
add Betsy Choo pp/222222 pe/benchoo@nus.edu.sg pa/222, beta street t/secretive
|| New person added: Betsy Choo Phone: (private) 222222 Email: (private) benchoo@nus.edu.sg Address: (private) 222, beta street Tags: [secretive]
|| ===================================================
|| Enter command: || [Command entered:add Charlie Dickson pp/333333 e/charlie.d@nus.edu.sg a/333, gamma street t/friends t/school]
add Charlie Dickson pp/333333 e/charlie.d@nus.edu.sg a/333, gamma street t/friends t/school
|| New person added: Charlie Dickson Phone: (private) 333333 Email: charlie.d@nus.edu.sg Address: 333, gamma street Tags: [school][friends]
|| ===================================================
|| Enter command: || [Command entered:add Dickson Ee p/444444 pe/dickson@nus.edu.sg a/444, delta street t/friends]
add Dickson Ee p/444444 pe/dickson@nus.edu.sg a/444, delta street t/friends
|| New person added: Dickson Ee Phone: 444444 Email: (private) dickson@nus.edu.sg Address: 444, delta street Tags: [friends]
|| ===================================================
|| Enter command: || [Command entered:view 5]
view 5
|| The person index provided is invalid
|| ===================================================
|| Enter command: || [Command entered:clear]
clear
|| Address book has been cleared!
|| ===================================================
|| Enter command: || [Command entered:add Adam Brown p/111111 e/adam@gmail.com a/111, alpha street]
add Adam Brown p/111111 e/adam@gmail.com a/111, alpha street
|| New person added: Adam Brown Phone: 111111 Email: adam@gmail.com Address: 111, alpha street Tags: 
|| ===================================================
|| Enter command: || [Command entered:add Betsy Choo pp/222222 pe/benchoo@nus.edu.sg pa/222, beta street t/secretive]
add Betsy Choo pp/222222 pe/benchoo@nus.edu.sg pa/222, beta street t/secretive
|| New person added: Betsy Choo Phone: (private) 222222 Email: (private) benchoo@nus.edu.sg Address: (private) 222, beta street Tags: [secretive]
|| ===================================================
|| Enter command: || [Command entered:add Charlie Dickson pp/333333 e/charlie.d@nus.edu.sg a/333, gamma street t/friends t/school]
add Charlie Dickson pp/333333 e/charlie.d@nus.edu.sg a/333, gamma street t/friends t/school
|| New person added: Charlie Dickson Phone: (private) 333333 Email: charlie.d@nus.edu.sg Address: 333, gamma street Tags: [school][friends]
|| ===================================================
|| Enter command: || [Command entered:add Dickson Ee p/444444 pe/dickson@nus.edu.sg a/444, delta street t/friends]
add Dickson Ee p/444444 pe/dickson@nus.edu.sg a/444, delta street t/friends
|| New person added: Dickson Ee Phone: 444444 Email: (private) dickson@nus.edu.sg Address: 444, delta street Tags: [friends]
|| ===================================================
|| Enter command: || [Command entered:view]
view
|| Invalid command format! 
|| view: Views the non-private details of the person identified by the index number in the last shown person listing.
|| Parameters: INDEX
|| Example: view 1
|| ===================================================
|| Enter command: || [Command entered:clear]
clear
|| Address book has been cleared!
|| ===================================================
|| Enter command: || [Command entered:add Adam Brown p/111111 e/adam@gmail.com a/111, alpha street]
add Adam Brown p/111111 e/adam@gmail.com a/111, alpha street
|| New person added: Adam Brown Phone: 111111 Email: adam@gmail.com Address: 111, alpha street Tags: 
|| ===================================================
|| Enter command: || [Command entered:add Betsy Choo pp/222222 pe/benchoo@nus.edu.sg pa/222, beta street t/secretive]
add Betsy Choo pp/222222 pe/benchoo@nus.edu.sg pa/222, beta street t/secretive
|| New person added: Betsy Choo Phone: (private) 222222 Email: (private) benchoo@nus.edu.sg Address: (private) 222, beta street Tags: [secretive]
|| ===================================================
|| Enter command: || [Command entered:add Charlie Dickson pp/333333 e/charlie.d@nus.edu.sg a/333, gamma street t/friends t/school]
add Charlie Dickson pp/333333 e/charlie.d@nus.edu.sg a/333, gamma street t/friends t/school
|| New person added: Charlie Dickson Phone: (private) 333333 Email: charlie.d@nus.edu.sg Address: 333, gamma street Tags: [school][friends]
|| ===================================================
|| Enter command: || [Command entered:add Dickson Ee p/444444 pe/dickson@nus.edu.sg a/444, delta street t/friends]
add Dickson Ee p/444444 pe/dickson@nus.edu.sg a/444, delta street t/friends
|| New person added: Dickson Ee Phone: 444444 Email: (private) dickson@nus.edu.sg Address: 444, delta street Tags: [friends]
|| ===================================================
|| Enter command: || [Command entered:view 1 2 3]
view 1 2 3
|| The person index provided is invalid
|| ===================================================
|| Enter command: || [Command entered:clear]
clear
|| Address book has been cleared!
|| ===================================================
|| Enter command: || [Command entered:add Adam Brown p/111111 e/adam@gmail.com a/111, alpha street]
add Adam Brown p/111111 e/adam@gmail.com a/111, alpha street
|| New person added: Adam Brown Phone: 111111 Email: adam@gmail.com Address: 111, alpha street Tags: 
|| ===================================================
|| Enter command: || [Command entered:add Betsy Choo pp/222222 pe/benchoo@nus.edu.sg pa/222, beta street t/secretive]
add Betsy Choo pp/222222 pe/benchoo@nus.edu.sg pa/222, beta street t/secretive
|| New person added: Betsy Choo Phone: (private) 222222 Email: (private) benchoo@nus.edu.sg Address: (private) 222, beta street Tags: [secretive]
|| ===================================================
|| Enter command: || [Command entered:add Charlie Dickson pp/333333 e/charlie.d@nus.edu.sg a/333, gamma street t/friends t/school]
add Charlie Dickson pp/333333 e/charlie.d@nus.edu.sg a/333, gamma street t/friends t/school
|| New person added: Charlie Dickson Phone: (private) 333333 Email: charlie.d@nus.edu.sg Address: 333, gamma street Tags: [school][friends]
|| ===================================================
|| Enter command: || [Command entered:add Dickson Ee p/444444 pe/dickson@nus.edu.sg a/444, delta street t/friends]
add Dickson Ee p/444444 pe/dickson@nus.edu.sg a/444, delta street t/friends
|| New person added: Dickson Ee Phone: 444444 Email: (private) dickson@nus.edu.sg Address: 444, delta street Tags: [friends]
|| ===================================================
|| Enter command: || [Command entered:view 1-]
view 1-
|| The person index provided is invalid
|| ===================================================
|| Enter command: || [Command entered:exit]
exit
|| Exiting Address Book as requested ...
|| ===================================================
|| Good bye!
|| ===================================================
|| ===================================================
