|| ===================================================
|| ===================================================
|| Welcome to your Address Book!
|| AddressBook Level 2 - Version 1.0
|| Launch command format: java seedu.addressbook.Main [STORAGE_FILE_PATH]
|| Using storage file : addressbook.txt
|| ===================================================
|| Enter command: || [Command entered:clear]
|| Address book has been cleared!
|| ===================================================
|| Enter command: || [Command entered:add John Doe p/abcdefgh e/johnd@gmail.com a/John street, block 123, #01-01]
|| Person phone numbers should only contain numbers
|| ===================================================
|| Enter command: || [Command entered:exit]
|| Exiting Address Book as requested ...
|| ===================================================
|| Good bye!
|| ===================================================
|| ===================================================
