|| ===================================================
|| ===================================================
|| Welcome to your Address Book!
|| AddressBook Level 2 - Version 1.0
|| Launch command format: java seedu.addressbook.Main [STORAGE_FILE_PATH]
|| Using storage file : addressbook.txt
|| ===================================================
|| Enter command: || [Command entered:clear]
|| Address book has been cleared!
|| ===================================================
|| Enter command: || [Command entered:add p/98765432 e/johnd@gmail.com a/John street, block 123, #01-01]
|| Invalid command format! 
|| add: Adds a person to the address book. Contact details can be marked private by prepending 'p' to the prefix.
|| Parameters: NAME [p]p/PHONE [p]e/EMAIL [p]a/ADDRESS  [t/TAG]...
|| Example: add John Doe p/98765432 e/johnd@gmail.com a/311, Clementi Ave 2, #02-25 t/friends t/owesMoney
|| ===================================================
|| Enter command: || [Command entered:exit]
|| Exiting Address Book as requested ...
|| ===================================================
|| Good bye!
|| ===================================================
|| ===================================================
